// Jest Snapshot v1, https://goo.gl/fbAQLP

exports[`SNAPSHOT take snapshot and matches with it 1`] = `
<DocumentFragment>
  <div>
    <h1>
      Snapshot
    </h1>
    <h1>
      Snap 2
    </h1>
    <h3>
      Hii this is Snapshot page
    </h3>
    <h4>
      Adding more content
    </h4>
    <h4>
      Adding more content
    </h4>
    <h6>
      Snapshot matching
    </h6>
  </div>
</DocumentFragment>
`;
